------------------------------------------------------------
TimeQuest Timing Analyzer Summary
------------------------------------------------------------

Type  : Slow 1200mV 85C Model Setup 'clk'
Slack : -2.967
TNS   : -55.422

Type  : Slow 1200mV 85C Model Setup 'freq_div_1Hz:inst7|clk_out'
Slack : -0.276
TNS   : -0.465

Type  : Slow 1200mV 85C Model Hold 'freq_div_1Hz:inst7|clk_out'
Slack : 0.385
TNS   : 0.000

Type  : Slow 1200mV 85C Model Hold 'clk'
Slack : 0.622
TNS   : 0.000

Type  : Slow 1200mV 85C Model Minimum Pulse Width 'clk'
Slack : -3.000
TNS   : -40.265

Type  : Slow 1200mV 85C Model Minimum Pulse Width 'freq_div_1Hz:inst7|clk_out'
Slack : -1.285
TNS   : -5.140

Type  : Slow 1200mV 0C Model Setup 'clk'
Slack : -2.640
TNS   : -46.990

Type  : Slow 1200mV 0C Model Setup 'freq_div_1Hz:inst7|clk_out'
Slack : -0.164
TNS   : -0.236

Type  : Slow 1200mV 0C Model Hold 'freq_div_1Hz:inst7|clk_out'
Slack : 0.335
TNS   : 0.000

Type  : Slow 1200mV 0C Model Hold 'clk'
Slack : 0.567
TNS   : 0.000

Type  : Slow 1200mV 0C Model Minimum Pulse Width 'clk'
Slack : -3.000
TNS   : -40.265

Type  : Slow 1200mV 0C Model Minimum Pulse Width 'freq_div_1Hz:inst7|clk_out'
Slack : -1.285
TNS   : -5.140

Type  : Fast 1200mV 0C Model Setup 'clk'
Slack : -0.887
TNS   : -13.557

Type  : Fast 1200mV 0C Model Setup 'freq_div_1Hz:inst7|clk_out'
Slack : 0.381
TNS   : 0.000

Type  : Fast 1200mV 0C Model Hold 'freq_div_1Hz:inst7|clk_out'
Slack : 0.162
TNS   : 0.000

Type  : Fast 1200mV 0C Model Hold 'clk'
Slack : 0.274
TNS   : 0.000

Type  : Fast 1200mV 0C Model Minimum Pulse Width 'clk'
Slack : -3.000
TNS   : -59.836

Type  : Fast 1200mV 0C Model Minimum Pulse Width 'freq_div_1Hz:inst7|clk_out'
Slack : -1.899
TNS   : -7.596

------------------------------------------------------------
