------------------------------------------------------------
TimeQuest Timing Analyzer Summary
------------------------------------------------------------

Type  : Slow 1200mV 85C Model Setup 'clk'
Slack : -3.424
TNS   : -91.120

Type  : Slow 1200mV 85C Model Setup 'freq_div_1KHz:inst|clk_out'
Slack : -1.196
TNS   : -8.460

Type  : Slow 1200mV 85C Model Setup 'mod6:inst8|A0'
Slack : -0.935
TNS   : -2.912

Type  : Slow 1200mV 85C Model Setup 'time:inst1|A0'
Slack : -0.933
TNS   : -2.731

Type  : Slow 1200mV 85C Model Setup 'bcd:inst3|A0'
Slack : -0.527
TNS   : -1.054

Type  : Slow 1200mV 85C Model Setup 'bcd:inst6|A0'
Slack : -0.234
TNS   : -0.451

Type  : Slow 1200mV 85C Model Hold 'time:inst1|A0'
Slack : -0.409
TNS   : -1.125

Type  : Slow 1200mV 85C Model Hold 'mod6:inst8|A0'
Slack : -0.073
TNS   : -0.091

Type  : Slow 1200mV 85C Model Hold 'bcd:inst3|A0'
Slack : -0.021
TNS   : -0.048

Type  : Slow 1200mV 85C Model Hold 'freq_div_1KHz:inst|clk_out'
Slack : 0.009
TNS   : 0.000

Type  : Slow 1200mV 85C Model Hold 'bcd:inst6|A0'
Slack : 0.383
TNS   : 0.000

Type  : Slow 1200mV 85C Model Hold 'clk'
Slack : 0.634
TNS   : 0.000

Type  : Slow 1200mV 85C Model Recovery 'freq_div_1KHz:inst|clk_out'
Slack : -1.931
TNS   : -19.310

Type  : Slow 1200mV 85C Model Removal 'freq_div_1KHz:inst|clk_out'
Slack : -0.117
TNS   : -1.170

Type  : Slow 1200mV 85C Model Minimum Pulse Width 'clk'
Slack : -3.000
TNS   : -40.265

Type  : Slow 1200mV 85C Model Minimum Pulse Width 'freq_div_1KHz:inst|clk_out'
Slack : -1.285
TNS   : -12.850

Type  : Slow 1200mV 85C Model Minimum Pulse Width 'mod6:inst8|A0'
Slack : -1.285
TNS   : -5.140

Type  : Slow 1200mV 85C Model Minimum Pulse Width 'time:inst1|A0'
Slack : -1.285
TNS   : -5.140

Type  : Slow 1200mV 85C Model Minimum Pulse Width 'bcd:inst3|A0'
Slack : -1.285
TNS   : -3.855

Type  : Slow 1200mV 85C Model Minimum Pulse Width 'bcd:inst6|A0'
Slack : -1.285
TNS   : -3.855

Type  : Slow 1200mV 0C Model Setup 'clk'
Slack : -3.070
TNS   : -81.351

Type  : Slow 1200mV 0C Model Setup 'freq_div_1KHz:inst|clk_out'
Slack : -0.960
TNS   : -6.680

Type  : Slow 1200mV 0C Model Setup 'mod6:inst8|A0'
Slack : -0.746
TNS   : -2.280

Type  : Slow 1200mV 0C Model Setup 'time:inst1|A0'
Slack : -0.742
TNS   : -2.188

Type  : Slow 1200mV 0C Model Setup 'bcd:inst3|A0'
Slack : -0.379
TNS   : -0.757

Type  : Slow 1200mV 0C Model Setup 'bcd:inst6|A0'
Slack : -0.112
TNS   : -0.204

Type  : Slow 1200mV 0C Model Hold 'time:inst1|A0'
Slack : -0.380
TNS   : -0.971

Type  : Slow 1200mV 0C Model Hold 'mod6:inst8|A0'
Slack : -0.050
TNS   : -0.052

Type  : Slow 1200mV 0C Model Hold 'freq_div_1KHz:inst|clk_out'
Slack : -0.005
TNS   : -0.005

Type  : Slow 1200mV 0C Model Hold 'bcd:inst3|A0'
Slack : 0.000
TNS   : 0.000

Type  : Slow 1200mV 0C Model Hold 'bcd:inst6|A0'
Slack : 0.334
TNS   : 0.000

Type  : Slow 1200mV 0C Model Hold 'clk'
Slack : 0.577
TNS   : 0.000

Type  : Slow 1200mV 0C Model Recovery 'freq_div_1KHz:inst|clk_out'
Slack : -1.628
TNS   : -16.280

Type  : Slow 1200mV 0C Model Removal 'freq_div_1KHz:inst|clk_out'
Slack : -0.157
TNS   : -1.570

Type  : Slow 1200mV 0C Model Minimum Pulse Width 'clk'
Slack : -3.000
TNS   : -40.265

Type  : Slow 1200mV 0C Model Minimum Pulse Width 'freq_div_1KHz:inst|clk_out'
Slack : -1.285
TNS   : -12.850

Type  : Slow 1200mV 0C Model Minimum Pulse Width 'mod6:inst8|A0'
Slack : -1.285
TNS   : -5.140

Type  : Slow 1200mV 0C Model Minimum Pulse Width 'time:inst1|A0'
Slack : -1.285
TNS   : -5.140

Type  : Slow 1200mV 0C Model Minimum Pulse Width 'bcd:inst3|A0'
Slack : -1.285
TNS   : -3.855

Type  : Slow 1200mV 0C Model Minimum Pulse Width 'bcd:inst6|A0'
Slack : -1.285
TNS   : -3.855

Type  : Fast 1200mV 0C Model Setup 'clk'
Slack : -1.093
TNS   : -27.975

Type  : Fast 1200mV 0C Model Setup 'freq_div_1KHz:inst|clk_out'
Slack : -0.149
TNS   : -0.149

Type  : Fast 1200mV 0C Model Setup 'time:inst1|A0'
Slack : 0.074
TNS   : 0.000

Type  : Fast 1200mV 0C Model Setup 'mod6:inst8|A0'
Slack : 0.076
TNS   : 0.000

Type  : Fast 1200mV 0C Model Setup 'bcd:inst3|A0'
Slack : 0.274
TNS   : 0.000

Type  : Fast 1200mV 0C Model Setup 'bcd:inst6|A0'
Slack : 0.394
TNS   : 0.000

Type  : Fast 1200mV 0C Model Hold 'time:inst1|A0'
Slack : -0.184
TNS   : -0.560

Type  : Fast 1200mV 0C Model Hold 'mod6:inst8|A0'
Slack : -0.092
TNS   : -0.158

Type  : Fast 1200mV 0C Model Hold 'bcd:inst3|A0'
Slack : -0.043
TNS   : -0.097

Type  : Fast 1200mV 0C Model Hold 'freq_div_1KHz:inst|clk_out'
Slack : -0.014
TNS   : -0.014

Type  : Fast 1200mV 0C Model Hold 'bcd:inst6|A0'
Slack : 0.161
TNS   : 0.000

Type  : Fast 1200mV 0C Model Hold 'clk'
Slack : 0.277
TNS   : 0.000

Type  : Fast 1200mV 0C Model Recovery 'freq_div_1KHz:inst|clk_out'
Slack : -0.446
TNS   : -4.460

Type  : Fast 1200mV 0C Model Removal 'freq_div_1KHz:inst|clk_out'
Slack : -0.051
TNS   : -0.510

Type  : Fast 1200mV 0C Model Minimum Pulse Width 'clk'
Slack : -3.000
TNS   : -59.825

Type  : Fast 1200mV 0C Model Minimum Pulse Width 'freq_div_1KHz:inst|clk_out'
Slack : -1.899
TNS   : -18.990

Type  : Fast 1200mV 0C Model Minimum Pulse Width 'mod6:inst8|A0'
Slack : -1.899
TNS   : -7.596

Type  : Fast 1200mV 0C Model Minimum Pulse Width 'time:inst1|A0'
Slack : -1.899
TNS   : -7.596

Type  : Fast 1200mV 0C Model Minimum Pulse Width 'bcd:inst3|A0'
Slack : -1.899
TNS   : -5.697

Type  : Fast 1200mV 0C Model Minimum Pulse Width 'bcd:inst6|A0'
Slack : -1.899
TNS   : -5.697

------------------------------------------------------------
