TimeQuest Timing Analyzer report for bcd
Fri Nov 15 14:46:05 2019
Quartus II Version 10.0 Build 218 06/27/2010 SJ Web Edition


---------------------
; Table of Contents ;
---------------------
  1. Legal Notice
  2. TimeQuest Timing Analyzer Summary
  3. Parallel Compilation
  4. Clocks
  5. Slow 1200mV 85C Model Fmax Summary
  6. Slow 1200mV 85C Model Setup Summary
  7. Slow 1200mV 85C Model Hold Summary
  8. Slow 1200mV 85C Model Recovery Summary
  9. Slow 1200mV 85C Model Removal Summary
 10. Slow 1200mV 85C Model Minimum Pulse Width Summary
 11. Slow 1200mV 85C Model Setup: 'input'
 12. Slow 1200mV 85C Model Hold: 'input'
 13. Slow 1200mV 85C Model Minimum Pulse Width: 'input'
 14. Clock to Output Times
 15. Minimum Clock to Output Times
 16. Slow 1200mV 85C Model Metastability Report
 17. Slow 1200mV 0C Model Fmax Summary
 18. Slow 1200mV 0C Model Setup Summary
 19. Slow 1200mV 0C Model Hold Summary
 20. Slow 1200mV 0C Model Recovery Summary
 21. Slow 1200mV 0C Model Removal Summary
 22. Slow 1200mV 0C Model Minimum Pulse Width Summary
 23. Slow 1200mV 0C Model Setup: 'input'
 24. Slow 1200mV 0C Model Hold: 'input'
 25. Slow 1200mV 0C Model Minimum Pulse Width: 'input'
 26. Clock to Output Times
 27. Minimum Clock to Output Times
 28. Slow 1200mV 0C Model Metastability Report
 29. Fast 1200mV 0C Model Setup Summary
 30. Fast 1200mV 0C Model Hold Summary
 31. Fast 1200mV 0C Model Recovery Summary
 32. Fast 1200mV 0C Model Removal Summary
 33. Fast 1200mV 0C Model Minimum Pulse Width Summary
 34. Fast 1200mV 0C Model Setup: 'input'
 35. Fast 1200mV 0C Model Hold: 'input'
 36. Fast 1200mV 0C Model Minimum Pulse Width: 'input'
 37. Clock to Output Times
 38. Minimum Clock to Output Times
 39. Fast 1200mV 0C Model Metastability Report
 40. Multicorner Timing Analysis Summary
 41. Clock to Output Times
 42. Minimum Clock to Output Times
 43. Board Trace Model Assignments
 44. Input Transition Times
 45. Signal Integrity Metrics (Slow 1200mv 0c Model)
 46. Signal Integrity Metrics (Slow 1200mv 85c Model)
 47. Signal Integrity Metrics (Fast 1200mv 0c Model)
 48. Setup Transfers
 49. Hold Transfers
 50. Report TCCS
 51. Report RSKM
 52. Unconstrained Paths
 53. TimeQuest Timing Analyzer Messages



----------------
; Legal Notice ;
----------------
Copyright (C) 1991-2010 Altera Corporation
Your use of Altera Corporation's design tools, logic functions 
and other software and tools, and its AMPP partner logic 
functions, and any output files from any of the foregoing 
(including device programming or simulation files), and any 
associated documentation or information are expressly subject 
to the terms and conditions of the Altera Program License 
Subscription Agreement, Altera MegaCore Function License 
Agreement, or other applicable license agreement, including, 
without limitation, that your use is for the sole purpose of 
programming logic devices manufactured by Altera and sold by 
Altera or its authorized distributors.  Please refer to the 
applicable agreement for further details.



+-----------------------------------------------------------------------+
; TimeQuest Timing Analyzer Summary                                     ;
+--------------------+--------------------------------------------------+
; Quartus II Version ; Version 10.0 Build 218 06/27/2010 SJ Web Edition ;
; Revision Name      ; bcd                                              ;
; Device Family      ; Cyclone IV E                                     ;
; Device Name        ; EP4CE115F29C7                                    ;
; Timing Models      ; Final                                            ;
; Delay Model        ; Combined                                         ;
; Rise/Fall Delays   ; Enabled                                          ;
+--------------------+--------------------------------------------------+


Parallel compilation was disabled, but you have multiple processors available. Enable parallel compilation to reduce compilation time.
+-------------------------------------+
; Parallel Compilation                ;
+----------------------------+--------+
; Processors                 ; Number ;
+----------------------------+--------+
; Number detected on machine ; 6      ;
; Maximum allowed            ; 1      ;
+----------------------------+--------+


+-----------------------------------------------------------------------------------------------------------------------------------------------------------------------------------+
; Clocks                                                                                                                                                                            ;
+------------+------+--------+------------+-------+-------+------------+-----------+-------------+-------+--------+-----------+------------+----------+--------+--------+-----------+
; Clock Name ; Type ; Period ; Frequency  ; Rise  ; Fall  ; Duty Cycle ; Divide by ; Multiply by ; Phase ; Offset ; Edge List ; Edge Shift ; Inverted ; Master ; Source ; Targets   ;
+------------+------+--------+------------+-------+-------+------------+-----------+-------------+-------+--------+-----------+------------+----------+--------+--------+-----------+
; input      ; Base ; 1.000  ; 1000.0 MHz ; 0.000 ; 0.500 ;            ;           ;             ;       ;        ;           ;            ;          ;        ;        ; { input } ;
+------------+------+--------+------------+-------+-------+------------+-----------+-------------+-------+--------+-----------+------------+----------+--------+--------+-----------+


+-----------------------------------------------------------------------------------------------------------+
; Slow 1200mV 85C Model Fmax Summary                                                                        ;
+------------+-----------------+------------+---------------------------------------------------------------+
; Fmax       ; Restricted Fmax ; Clock Name ; Note                                                          ;
+------------+-----------------+------------+---------------------------------------------------------------+
; 786.16 MHz ; 250.0 MHz       ; input      ; limit due to minimum period restriction (max I/O toggle rate) ;
+------------+-----------------+------------+---------------------------------------------------------------+
This panel reports FMAX for every clock in the design, regardless of the user-specified clock periods.  FMAX is only computed for paths where the source and destination registers or ports are driven by the same clock.  Paths of different clocks, including generated clocks, are ignored.  For paths between a clock and its inversion, FMAX is computed as if the rising and falling edges are scaled along with FMAX, such that the duty cycle (in terms of a percentage) is maintained. Altera recommends that you always use clock constraints and other slack reports for sign-off analysis.


+-------------------------------------+
; Slow 1200mV 85C Model Setup Summary ;
+-------+--------+--------------------+
; Clock ; Slack  ; End Point TNS      ;
+-------+--------+--------------------+
; input ; -0.272 ; -0.761             ;
+-------+--------+--------------------+


+------------------------------------+
; Slow 1200mV 85C Model Hold Summary ;
+-------+-------+--------------------+
; Clock ; Slack ; End Point TNS      ;
+-------+-------+--------------------+
; input ; 0.383 ; 0.000              ;
+-------+-------+--------------------+


------------------------------------------
; Slow 1200mV 85C Model Recovery Summary ;
------------------------------------------
No paths to report.


-----------------------------------------
; Slow 1200mV 85C Model Removal Summary ;
-----------------------------------------
No paths to report.


+---------------------------------------------------+
; Slow 1200mV 85C Model Minimum Pulse Width Summary ;
+-------+--------+----------------------------------+
; Clock ; Slack  ; End Point TNS                    ;
+-------+--------+----------------------------------+
; input ; -3.000 ; -8.140                           ;
+-------+--------+----------------------------------+


+----------------------------------------------------------------------------------------------------+
; Slow 1200mV 85C Model Setup: 'input'                                                               ;
+--------+-----------+---------+--------------+-------------+--------------+------------+------------+
; Slack  ; From Node ; To Node ; Launch Clock ; Latch Clock ; Relationship ; Clock Skew ; Data Delay ;
+--------+-----------+---------+--------------+-------------+--------------+------------+------------+
; -0.272 ; A0        ; A1      ; input        ; input       ; 1.000        ; -0.080     ; 1.190      ;
; -0.251 ; A3        ; A2      ; input        ; input       ; 1.000        ; -0.080     ; 1.169      ;
; -0.244 ; A1        ; A2      ; input        ; input       ; 1.000        ; -0.080     ; 1.162      ;
; -0.239 ; A2        ; A1      ; input        ; input       ; 1.000        ; -0.080     ; 1.157      ;
; -0.238 ; A0        ; A3      ; input        ; input       ; 1.000        ; -0.080     ; 1.156      ;
; -0.224 ; A2        ; A3      ; input        ; input       ; 1.000        ; -0.080     ; 1.142      ;
; -0.074 ; A0        ; A2      ; input        ; input       ; 1.000        ; -0.080     ; 0.992      ;
; 0.070  ; A3        ; A1      ; input        ; input       ; 1.000        ; -0.080     ; 0.848      ;
; 0.084  ; A1        ; A3      ; input        ; input       ; 1.000        ; -0.080     ; 0.834      ;
; 0.153  ; A0        ; A0      ; input        ; input       ; 1.000        ; -0.080     ; 0.765      ;
; 0.153  ; A2        ; A2      ; input        ; input       ; 1.000        ; -0.080     ; 0.765      ;
; 0.153  ; A1        ; A1      ; input        ; input       ; 1.000        ; -0.080     ; 0.765      ;
; 0.153  ; A3        ; A3      ; input        ; input       ; 1.000        ; -0.080     ; 0.765      ;
+--------+-----------+---------+--------------+-------------+--------------+------------+------------+


+---------------------------------------------------------------------------------------------------+
; Slow 1200mV 85C Model Hold: 'input'                                                               ;
+-------+-----------+---------+--------------+-------------+--------------+------------+------------+
; Slack ; From Node ; To Node ; Launch Clock ; Latch Clock ; Relationship ; Clock Skew ; Data Delay ;
+-------+-----------+---------+--------------+-------------+--------------+------------+------------+
; 0.383 ; A3        ; A3      ; input        ; input       ; 0.000        ; 0.080      ; 0.669      ;
; 0.383 ; A2        ; A2      ; input        ; input       ; 0.000        ; 0.080      ; 0.669      ;
; 0.383 ; A1        ; A1      ; input        ; input       ; 0.000        ; 0.080      ; 0.669      ;
; 0.388 ; A0        ; A0      ; input        ; input       ; 0.000        ; 0.080      ; 0.674      ;
; 0.431 ; A1        ; A3      ; input        ; input       ; 0.000        ; 0.080      ; 0.717      ;
; 0.462 ; A3        ; A1      ; input        ; input       ; 0.000        ; 0.080      ; 0.748      ;
; 0.620 ; A0        ; A2      ; input        ; input       ; 0.000        ; 0.080      ; 0.906      ;
; 0.675 ; A0        ; A1      ; input        ; input       ; 0.000        ; 0.080      ; 0.961      ;
; 0.691 ; A1        ; A2      ; input        ; input       ; 0.000        ; 0.080      ; 0.977      ;
; 0.707 ; A2        ; A3      ; input        ; input       ; 0.000        ; 0.080      ; 0.993      ;
; 0.723 ; A2        ; A1      ; input        ; input       ; 0.000        ; 0.080      ; 1.009      ;
; 0.730 ; A0        ; A3      ; input        ; input       ; 0.000        ; 0.080      ; 1.016      ;
; 0.745 ; A3        ; A2      ; input        ; input       ; 0.000        ; 0.080      ; 1.031      ;
+-------+-----------+---------+--------------+-------------+--------------+------------+------------+


+--------------------------------------------------------------------------------------------------------------+
; Slow 1200mV 85C Model Minimum Pulse Width: 'input'                                                           ;
+--------+--------------+----------------+------------------+-------+------------+-----------------------------+
; Slack  ; Actual Width ; Required Width ; Type             ; Clock ; Clock Edge ; Target                      ;
+--------+--------------+----------------+------------------+-------+------------+-----------------------------+
; -3.000 ; 1.000        ; 4.000          ; Port Rate        ; input ; Rise       ; input                       ;
; -1.285 ; 1.000        ; 2.285          ; Min Period       ; input ; Rise       ; A0                          ;
; -1.285 ; 1.000        ; 2.285          ; Min Period       ; input ; Rise       ; A1                          ;
; -1.285 ; 1.000        ; 2.285          ; Min Period       ; input ; Rise       ; A2                          ;
; -1.285 ; 1.000        ; 2.285          ; Min Period       ; input ; Rise       ; A3                          ;
; 0.257  ; 0.445        ; 0.188          ; Low Pulse Width  ; input ; Rise       ; A0                          ;
; 0.257  ; 0.445        ; 0.188          ; Low Pulse Width  ; input ; Rise       ; A1                          ;
; 0.257  ; 0.445        ; 0.188          ; Low Pulse Width  ; input ; Rise       ; A2                          ;
; 0.257  ; 0.445        ; 0.188          ; Low Pulse Width  ; input ; Rise       ; A3                          ;
; 0.333  ; 0.553        ; 0.220          ; High Pulse Width ; input ; Rise       ; A0                          ;
; 0.333  ; 0.553        ; 0.220          ; High Pulse Width ; input ; Rise       ; A1                          ;
; 0.333  ; 0.553        ; 0.220          ; High Pulse Width ; input ; Rise       ; A2                          ;
; 0.333  ; 0.553        ; 0.220          ; High Pulse Width ; input ; Rise       ; A3                          ;
; 0.394  ; 0.394        ; 0.000          ; Low Pulse Width  ; input ; Rise       ; input~input|o               ;
; 0.408  ; 0.408        ; 0.000          ; Low Pulse Width  ; input ; Rise       ; input~inputclkctrl|inclk[0] ;
; 0.408  ; 0.408        ; 0.000          ; Low Pulse Width  ; input ; Rise       ; input~inputclkctrl|outclk   ;
; 0.410  ; 0.410        ; 0.000          ; Low Pulse Width  ; input ; Rise       ; A0|clk                      ;
; 0.410  ; 0.410        ; 0.000          ; Low Pulse Width  ; input ; Rise       ; A1|clk                      ;
; 0.410  ; 0.410        ; 0.000          ; Low Pulse Width  ; input ; Rise       ; A2|clk                      ;
; 0.410  ; 0.410        ; 0.000          ; Low Pulse Width  ; input ; Rise       ; A3|clk                      ;
; 0.500  ; 0.500        ; 0.000          ; High Pulse Width ; input ; Rise       ; input~input|i               ;
; 0.500  ; 0.500        ; 0.000          ; Low Pulse Width  ; input ; Rise       ; input~input|i               ;
; 0.589  ; 0.589        ; 0.000          ; High Pulse Width ; input ; Rise       ; A0|clk                      ;
; 0.589  ; 0.589        ; 0.000          ; High Pulse Width ; input ; Rise       ; A1|clk                      ;
; 0.589  ; 0.589        ; 0.000          ; High Pulse Width ; input ; Rise       ; A2|clk                      ;
; 0.589  ; 0.589        ; 0.000          ; High Pulse Width ; input ; Rise       ; A3|clk                      ;
; 0.592  ; 0.592        ; 0.000          ; High Pulse Width ; input ; Rise       ; input~inputclkctrl|inclk[0] ;
; 0.592  ; 0.592        ; 0.000          ; High Pulse Width ; input ; Rise       ; input~inputclkctrl|outclk   ;
; 0.606  ; 0.606        ; 0.000          ; High Pulse Width ; input ; Rise       ; input~input|o               ;
+--------+--------------+----------------+------------------+-------+------------+-----------------------------+


+-----------------------------------------------------------------------+
; Clock to Output Times                                                 ;
+-----------+------------+-------+-------+------------+-----------------+
; Data Port ; Clock Port ; Rise  ; Fall  ; Clock Edge ; Clock Reference ;
+-----------+------------+-------+-------+------------+-----------------+
; Q0        ; input      ; 7.209 ; 7.173 ; Rise       ; input           ;
; Q1        ; input      ; 6.902 ; 6.889 ; Rise       ; input           ;
; Q2        ; input      ; 6.734 ; 6.719 ; Rise       ; input           ;
; Q3        ; input      ; 6.936 ; 6.915 ; Rise       ; input           ;
; up        ; input      ; 7.727 ; 7.627 ; Rise       ; input           ;
+-----------+------------+-------+-------+------------+-----------------+


+-----------------------------------------------------------------------+
; Minimum Clock to Output Times                                         ;
+-----------+------------+-------+-------+------------+-----------------+
; Data Port ; Clock Port ; Rise  ; Fall  ; Clock Edge ; Clock Reference ;
+-----------+------------+-------+-------+------------+-----------------+
; Q0        ; input      ; 6.970 ; 6.934 ; Rise       ; input           ;
; Q1        ; input      ; 6.673 ; 6.658 ; Rise       ; input           ;
; Q2        ; input      ; 6.506 ; 6.490 ; Rise       ; input           ;
; Q3        ; input      ; 6.705 ; 6.684 ; Rise       ; input           ;
; up        ; input      ; 7.252 ; 7.230 ; Rise       ; input           ;
+-----------+------------+-------+-------+------------+-----------------+


----------------------------------------------
; Slow 1200mV 85C Model Metastability Report ;
----------------------------------------------
No synchronizer chains to report.


+-----------------------------------------------------------------------------------------------------------+
; Slow 1200mV 0C Model Fmax Summary                                                                         ;
+------------+-----------------+------------+---------------------------------------------------------------+
; Fmax       ; Restricted Fmax ; Clock Name ; Note                                                          ;
+------------+-----------------+------------+---------------------------------------------------------------+
; 873.36 MHz ; 250.0 MHz       ; input      ; limit due to minimum period restriction (max I/O toggle rate) ;
+------------+-----------------+------------+---------------------------------------------------------------+
This panel reports FMAX for every clock in the design, regardless of the user-specified clock periods.  FMAX is only computed for paths where the source and destination registers or ports are driven by the same clock.  Paths of different clocks, including generated clocks, are ignored.  For paths between a clock and its inversion, FMAX is computed as if the rising and falling edges are scaled along with FMAX, such that the duty cycle (in terms of a percentage) is maintained. Altera recommends that you always use clock constraints and other slack reports for sign-off analysis.


+------------------------------------+
; Slow 1200mV 0C Model Setup Summary ;
+-------+--------+-------------------+
; Clock ; Slack  ; End Point TNS     ;
+-------+--------+-------------------+
; input ; -0.145 ; -0.384            ;
+-------+--------+-------------------+


+-----------------------------------+
; Slow 1200mV 0C Model Hold Summary ;
+-------+-------+-------------------+
; Clock ; Slack ; End Point TNS     ;
+-------+-------+-------------------+
; input ; 0.334 ; 0.000             ;
+-------+-------+-------------------+


-----------------------------------------
; Slow 1200mV 0C Model Recovery Summary ;
-----------------------------------------
No paths to report.


----------------------------------------
; Slow 1200mV 0C Model Removal Summary ;
----------------------------------------
No paths to report.


+--------------------------------------------------+
; Slow 1200mV 0C Model Minimum Pulse Width Summary ;
+-------+--------+---------------------------------+
; Clock ; Slack  ; End Point TNS                   ;
+-------+--------+---------------------------------+
; input ; -3.000 ; -8.140                          ;
+-------+--------+---------------------------------+


+----------------------------------------------------------------------------------------------------+
; Slow 1200mV 0C Model Setup: 'input'                                                                ;
+--------+-----------+---------+--------------+-------------+--------------+------------+------------+
; Slack  ; From Node ; To Node ; Launch Clock ; Latch Clock ; Relationship ; Clock Skew ; Data Delay ;
+--------+-----------+---------+--------------+-------------+--------------+------------+------------+
; -0.145 ; A0        ; A1      ; input        ; input       ; 1.000        ; -0.072     ; 1.072      ;
; -0.124 ; A3        ; A2      ; input        ; input       ; 1.000        ; -0.072     ; 1.051      ;
; -0.120 ; A1        ; A2      ; input        ; input       ; 1.000        ; -0.072     ; 1.047      ;
; -0.115 ; A0        ; A3      ; input        ; input       ; 1.000        ; -0.072     ; 1.042      ;
; -0.112 ; A2        ; A1      ; input        ; input       ; 1.000        ; -0.072     ; 1.039      ;
; -0.103 ; A2        ; A3      ; input        ; input       ; 1.000        ; -0.072     ; 1.030      ;
; 0.031  ; A0        ; A2      ; input        ; input       ; 1.000        ; -0.072     ; 0.896      ;
; 0.165  ; A3        ; A1      ; input        ; input       ; 1.000        ; -0.072     ; 0.762      ;
; 0.169  ; A1        ; A3      ; input        ; input       ; 1.000        ; -0.072     ; 0.758      ;
; 0.244  ; A0        ; A0      ; input        ; input       ; 1.000        ; -0.072     ; 0.683      ;
; 0.244  ; A2        ; A2      ; input        ; input       ; 1.000        ; -0.072     ; 0.683      ;
; 0.244  ; A1        ; A1      ; input        ; input       ; 1.000        ; -0.072     ; 0.683      ;
; 0.244  ; A3        ; A3      ; input        ; input       ; 1.000        ; -0.072     ; 0.683      ;
+--------+-----------+---------+--------------+-------------+--------------+------------+------------+


+---------------------------------------------------------------------------------------------------+
; Slow 1200mV 0C Model Hold: 'input'                                                                ;
+-------+-----------+---------+--------------+-------------+--------------+------------+------------+
; Slack ; From Node ; To Node ; Launch Clock ; Latch Clock ; Relationship ; Clock Skew ; Data Delay ;
+-------+-----------+---------+--------------+-------------+--------------+------------+------------+
; 0.334 ; A3        ; A3      ; input        ; input       ; 0.000        ; 0.072      ; 0.597      ;
; 0.334 ; A2        ; A2      ; input        ; input       ; 0.000        ; 0.072      ; 0.597      ;
; 0.334 ; A1        ; A1      ; input        ; input       ; 0.000        ; 0.072      ; 0.597      ;
; 0.345 ; A0        ; A0      ; input        ; input       ; 0.000        ; 0.072      ; 0.608      ;
; 0.388 ; A1        ; A3      ; input        ; input       ; 0.000        ; 0.072      ; 0.651      ;
; 0.422 ; A3        ; A1      ; input        ; input       ; 0.000        ; 0.072      ; 0.685      ;
; 0.570 ; A0        ; A2      ; input        ; input       ; 0.000        ; 0.072      ; 0.833      ;
; 0.613 ; A0        ; A1      ; input        ; input       ; 0.000        ; 0.072      ; 0.876      ;
; 0.628 ; A1        ; A2      ; input        ; input       ; 0.000        ; 0.072      ; 0.891      ;
; 0.649 ; A2        ; A3      ; input        ; input       ; 0.000        ; 0.072      ; 0.912      ;
; 0.662 ; A2        ; A1      ; input        ; input       ; 0.000        ; 0.072      ; 0.925      ;
; 0.667 ; A0        ; A3      ; input        ; input       ; 0.000        ; 0.072      ; 0.930      ;
; 0.679 ; A3        ; A2      ; input        ; input       ; 0.000        ; 0.072      ; 0.942      ;
+-------+-----------+---------+--------------+-------------+--------------+------------+------------+


+--------------------------------------------------------------------------------------------------------------+
; Slow 1200mV 0C Model Minimum Pulse Width: 'input'                                                            ;
+--------+--------------+----------------+------------------+-------+------------+-----------------------------+
; Slack  ; Actual Width ; Required Width ; Type             ; Clock ; Clock Edge ; Target                      ;
+--------+--------------+----------------+------------------+-------+------------+-----------------------------+
; -3.000 ; 1.000        ; 4.000          ; Port Rate        ; input ; Rise       ; input                       ;
; -1.285 ; 1.000        ; 2.285          ; Min Period       ; input ; Rise       ; A0                          ;
; -1.285 ; 1.000        ; 2.285          ; Min Period       ; input ; Rise       ; A1                          ;
; -1.285 ; 1.000        ; 2.285          ; Min Period       ; input ; Rise       ; A2                          ;
; -1.285 ; 1.000        ; 2.285          ; Min Period       ; input ; Rise       ; A3                          ;
; 0.278  ; 0.464        ; 0.186          ; Low Pulse Width  ; input ; Rise       ; A0                          ;
; 0.278  ; 0.464        ; 0.186          ; Low Pulse Width  ; input ; Rise       ; A1                          ;
; 0.278  ; 0.464        ; 0.186          ; Low Pulse Width  ; input ; Rise       ; A2                          ;
; 0.278  ; 0.464        ; 0.186          ; Low Pulse Width  ; input ; Rise       ; A3                          ;
; 0.316  ; 0.534        ; 0.218          ; High Pulse Width ; input ; Rise       ; A0                          ;
; 0.316  ; 0.534        ; 0.218          ; High Pulse Width ; input ; Rise       ; A1                          ;
; 0.316  ; 0.534        ; 0.218          ; High Pulse Width ; input ; Rise       ; A2                          ;
; 0.316  ; 0.534        ; 0.218          ; High Pulse Width ; input ; Rise       ; A3                          ;
; 0.416  ; 0.416        ; 0.000          ; Low Pulse Width  ; input ; Rise       ; input~input|o               ;
; 0.422  ; 0.422        ; 0.000          ; Low Pulse Width  ; input ; Rise       ; input~inputclkctrl|inclk[0] ;
; 0.422  ; 0.422        ; 0.000          ; Low Pulse Width  ; input ; Rise       ; input~inputclkctrl|outclk   ;
; 0.426  ; 0.426        ; 0.000          ; Low Pulse Width  ; input ; Rise       ; A0|clk                      ;
; 0.426  ; 0.426        ; 0.000          ; Low Pulse Width  ; input ; Rise       ; A1|clk                      ;
; 0.426  ; 0.426        ; 0.000          ; Low Pulse Width  ; input ; Rise       ; A2|clk                      ;
; 0.426  ; 0.426        ; 0.000          ; Low Pulse Width  ; input ; Rise       ; A3|clk                      ;
; 0.500  ; 0.500        ; 0.000          ; High Pulse Width ; input ; Rise       ; input~input|i               ;
; 0.500  ; 0.500        ; 0.000          ; Low Pulse Width  ; input ; Rise       ; input~input|i               ;
; 0.574  ; 0.574        ; 0.000          ; High Pulse Width ; input ; Rise       ; A0|clk                      ;
; 0.574  ; 0.574        ; 0.000          ; High Pulse Width ; input ; Rise       ; A1|clk                      ;
; 0.574  ; 0.574        ; 0.000          ; High Pulse Width ; input ; Rise       ; A2|clk                      ;
; 0.574  ; 0.574        ; 0.000          ; High Pulse Width ; input ; Rise       ; A3|clk                      ;
; 0.578  ; 0.578        ; 0.000          ; High Pulse Width ; input ; Rise       ; input~inputclkctrl|inclk[0] ;
; 0.578  ; 0.578        ; 0.000          ; High Pulse Width ; input ; Rise       ; input~inputclkctrl|outclk   ;
; 0.584  ; 0.584        ; 0.000          ; High Pulse Width ; input ; Rise       ; input~input|o               ;
+--------+--------------+----------------+------------------+-------+------------+-----------------------------+


+-----------------------------------------------------------------------+
; Clock to Output Times                                                 ;
+-----------+------------+-------+-------+------------+-----------------+
; Data Port ; Clock Port ; Rise  ; Fall  ; Clock Edge ; Clock Reference ;
+-----------+------------+-------+-------+------------+-----------------+
; Q0        ; input      ; 6.509 ; 6.454 ; Rise       ; input           ;
; Q1        ; input      ; 6.211 ; 6.193 ; Rise       ; input           ;
; Q2        ; input      ; 6.061 ; 6.034 ; Rise       ; input           ;
; Q3        ; input      ; 6.241 ; 6.220 ; Rise       ; input           ;
; up        ; input      ; 6.971 ; 6.862 ; Rise       ; input           ;
+-----------+------------+-------+-------+------------+-----------------+


+-----------------------------------------------------------------------+
; Minimum Clock to Output Times                                         ;
+-----------+------------+-------+-------+------------+-----------------+
; Data Port ; Clock Port ; Rise  ; Fall  ; Clock Edge ; Clock Reference ;
+-----------+------------+-------+-------+------------+-----------------+
; Q0        ; input      ; 6.277 ; 6.223 ; Rise       ; input           ;
; Q1        ; input      ; 5.988 ; 5.970 ; Rise       ; input           ;
; Q2        ; input      ; 5.841 ; 5.815 ; Rise       ; input           ;
; Q3        ; input      ; 6.017 ; 5.996 ; Rise       ; input           ;
; up        ; input      ; 6.558 ; 6.478 ; Rise       ; input           ;
+-----------+------------+-------+-------+------------+-----------------+


---------------------------------------------
; Slow 1200mV 0C Model Metastability Report ;
---------------------------------------------
No synchronizer chains to report.


+------------------------------------+
; Fast 1200mV 0C Model Setup Summary ;
+-------+-------+--------------------+
; Clock ; Slack ; End Point TNS      ;
+-------+-------+--------------------+
; input ; 0.376 ; 0.000              ;
+-------+-------+--------------------+


+-----------------------------------+
; Fast 1200mV 0C Model Hold Summary ;
+-------+-------+-------------------+
; Clock ; Slack ; End Point TNS     ;
+-------+-------+-------------------+
; input ; 0.161 ; 0.000             ;
+-------+-------+-------------------+


-----------------------------------------
; Fast 1200mV 0C Model Recovery Summary ;
-----------------------------------------
No paths to report.


----------------------------------------
; Fast 1200mV 0C Model Removal Summary ;
----------------------------------------
No paths to report.


+--------------------------------------------------+
; Fast 1200mV 0C Model Minimum Pulse Width Summary ;
+-------+--------+---------------------------------+
; Clock ; Slack  ; End Point TNS                   ;
+-------+--------+---------------------------------+
; input ; -3.000 ; -10.848                         ;
+-------+--------+---------------------------------+


+---------------------------------------------------------------------------------------------------+
; Fast 1200mV 0C Model Setup: 'input'                                                               ;
+-------+-----------+---------+--------------+-------------+--------------+------------+------------+
; Slack ; From Node ; To Node ; Launch Clock ; Latch Clock ; Relationship ; Clock Skew ; Data Delay ;
+-------+-----------+---------+--------------+-------------+--------------+------------+------------+
; 0.376 ; A0        ; A1      ; input        ; input       ; 1.000        ; -0.042     ; 0.569      ;
; 0.389 ; A3        ; A2      ; input        ; input       ; 1.000        ; -0.042     ; 0.556      ;
; 0.391 ; A1        ; A2      ; input        ; input       ; 1.000        ; -0.042     ; 0.554      ;
; 0.396 ; A2        ; A1      ; input        ; input       ; 1.000        ; -0.042     ; 0.549      ;
; 0.398 ; A0        ; A3      ; input        ; input       ; 1.000        ; -0.042     ; 0.547      ;
; 0.402 ; A2        ; A3      ; input        ; input       ; 1.000        ; -0.042     ; 0.543      ;
; 0.468 ; A0        ; A2      ; input        ; input       ; 1.000        ; -0.042     ; 0.477      ;
; 0.542 ; A3        ; A1      ; input        ; input       ; 1.000        ; -0.042     ; 0.403      ;
; 0.553 ; A1        ; A3      ; input        ; input       ; 1.000        ; -0.042     ; 0.392      ;
; 0.586 ; A0        ; A0      ; input        ; input       ; 1.000        ; -0.042     ; 0.359      ;
; 0.586 ; A2        ; A2      ; input        ; input       ; 1.000        ; -0.042     ; 0.359      ;
; 0.586 ; A1        ; A1      ; input        ; input       ; 1.000        ; -0.042     ; 0.359      ;
; 0.586 ; A3        ; A3      ; input        ; input       ; 1.000        ; -0.042     ; 0.359      ;
+-------+-----------+---------+--------------+-------------+--------------+------------+------------+


+---------------------------------------------------------------------------------------------------+
; Fast 1200mV 0C Model Hold: 'input'                                                                ;
+-------+-----------+---------+--------------+-------------+--------------+------------+------------+
; Slack ; From Node ; To Node ; Launch Clock ; Latch Clock ; Relationship ; Clock Skew ; Data Delay ;
+-------+-----------+---------+--------------+-------------+--------------+------------+------------+
; 0.161 ; A3        ; A3      ; input        ; input       ; 0.000        ; 0.042      ; 0.307      ;
; 0.161 ; A2        ; A2      ; input        ; input       ; 0.000        ; 0.042      ; 0.307      ;
; 0.161 ; A1        ; A1      ; input        ; input       ; 0.000        ; 0.042      ; 0.307      ;
; 0.168 ; A0        ; A0      ; input        ; input       ; 0.000        ; 0.042      ; 0.314      ;
; 0.184 ; A1        ; A3      ; input        ; input       ; 0.000        ; 0.042      ; 0.330      ;
; 0.195 ; A3        ; A1      ; input        ; input       ; 0.000        ; 0.042      ; 0.341      ;
; 0.263 ; A0        ; A2      ; input        ; input       ; 0.000        ; 0.042      ; 0.409      ;
; 0.298 ; A0        ; A1      ; input        ; input       ; 0.000        ; 0.042      ; 0.444      ;
; 0.305 ; A1        ; A2      ; input        ; input       ; 0.000        ; 0.042      ; 0.451      ;
; 0.314 ; A2        ; A3      ; input        ; input       ; 0.000        ; 0.042      ; 0.460      ;
; 0.321 ; A2        ; A1      ; input        ; input       ; 0.000        ; 0.042      ; 0.467      ;
; 0.324 ; A0        ; A3      ; input        ; input       ; 0.000        ; 0.042      ; 0.470      ;
; 0.332 ; A3        ; A2      ; input        ; input       ; 0.000        ; 0.042      ; 0.478      ;
+-------+-----------+---------+--------------+-------------+--------------+------------+------------+


+--------------------------------------------------------------------------------------------------------------+
; Fast 1200mV 0C Model Minimum Pulse Width: 'input'                                                            ;
+--------+--------------+----------------+------------------+-------+------------+-----------------------------+
; Slack  ; Actual Width ; Required Width ; Type             ; Clock ; Clock Edge ; Target                      ;
+--------+--------------+----------------+------------------+-------+------------+-----------------------------+
; -3.000 ; 1.000        ; 4.000          ; Port Rate        ; input ; Rise       ; input                       ;
; -1.899 ; 1.000        ; 2.899          ; Min Period       ; input ; Rise       ; A0                          ;
; -1.899 ; 1.000        ; 2.899          ; Min Period       ; input ; Rise       ; A1                          ;
; -1.899 ; 1.000        ; 2.899          ; Min Period       ; input ; Rise       ; A2                          ;
; -1.899 ; 1.000        ; 2.899          ; Min Period       ; input ; Rise       ; A3                          ;
; -0.063 ; 0.121        ; 0.184          ; Low Pulse Width  ; input ; Rise       ; A0                          ;
; -0.063 ; 0.121        ; 0.184          ; Low Pulse Width  ; input ; Rise       ; A1                          ;
; -0.063 ; 0.121        ; 0.184          ; Low Pulse Width  ; input ; Rise       ; A2                          ;
; -0.063 ; 0.121        ; 0.184          ; Low Pulse Width  ; input ; Rise       ; A3                          ;
; 0.116  ; 0.116        ; 0.000          ; Low Pulse Width  ; input ; Rise       ; A0|clk                      ;
; 0.116  ; 0.116        ; 0.000          ; Low Pulse Width  ; input ; Rise       ; A1|clk                      ;
; 0.116  ; 0.116        ; 0.000          ; Low Pulse Width  ; input ; Rise       ; A2|clk                      ;
; 0.116  ; 0.116        ; 0.000          ; Low Pulse Width  ; input ; Rise       ; A3|clk                      ;
; 0.120  ; 0.120        ; 0.000          ; Low Pulse Width  ; input ; Rise       ; input~input|o               ;
; 0.133  ; 0.133        ; 0.000          ; Low Pulse Width  ; input ; Rise       ; input~inputclkctrl|inclk[0] ;
; 0.133  ; 0.133        ; 0.000          ; Low Pulse Width  ; input ; Rise       ; input~inputclkctrl|outclk   ;
; 0.500  ; 0.500        ; 0.000          ; High Pulse Width ; input ; Rise       ; input~input|i               ;
; 0.500  ; 0.500        ; 0.000          ; Low Pulse Width  ; input ; Rise       ; input~input|i               ;
; 0.662  ; 0.878        ; 0.216          ; High Pulse Width ; input ; Rise       ; A0                          ;
; 0.662  ; 0.878        ; 0.216          ; High Pulse Width ; input ; Rise       ; A1                          ;
; 0.662  ; 0.878        ; 0.216          ; High Pulse Width ; input ; Rise       ; A2                          ;
; 0.662  ; 0.878        ; 0.216          ; High Pulse Width ; input ; Rise       ; A3                          ;
; 0.866  ; 0.866        ; 0.000          ; High Pulse Width ; input ; Rise       ; input~inputclkctrl|inclk[0] ;
; 0.866  ; 0.866        ; 0.000          ; High Pulse Width ; input ; Rise       ; input~inputclkctrl|outclk   ;
; 0.880  ; 0.880        ; 0.000          ; High Pulse Width ; input ; Rise       ; input~input|o               ;
; 0.883  ; 0.883        ; 0.000          ; High Pulse Width ; input ; Rise       ; A0|clk                      ;
; 0.883  ; 0.883        ; 0.000          ; High Pulse Width ; input ; Rise       ; A1|clk                      ;
; 0.883  ; 0.883        ; 0.000          ; High Pulse Width ; input ; Rise       ; A2|clk                      ;
; 0.883  ; 0.883        ; 0.000          ; High Pulse Width ; input ; Rise       ; A3|clk                      ;
+--------+--------------+----------------+------------------+-------+------------+-----------------------------+


+-----------------------------------------------------------------------+
; Clock to Output Times                                                 ;
+-----------+------------+-------+-------+------------+-----------------+
; Data Port ; Clock Port ; Rise  ; Fall  ; Clock Edge ; Clock Reference ;
+-----------+------------+-------+-------+------------+-----------------+
; Q0        ; input      ; 3.861 ; 3.926 ; Rise       ; input           ;
; Q1        ; input      ; 3.682 ; 3.741 ; Rise       ; input           ;
; Q2        ; input      ; 3.583 ; 3.630 ; Rise       ; input           ;
; Q3        ; input      ; 3.703 ; 3.759 ; Rise       ; input           ;
; up        ; input      ; 4.091 ; 4.113 ; Rise       ; input           ;
+-----------+------------+-------+-------+------------+-----------------+


+-----------------------------------------------------------------------+
; Minimum Clock to Output Times                                         ;
+-----------+------------+-------+-------+------------+-----------------+
; Data Port ; Clock Port ; Rise  ; Fall  ; Clock Edge ; Clock Reference ;
+-----------+------------+-------+-------+------------+-----------------+
; Q0        ; input      ; 3.736 ; 3.799 ; Rise       ; input           ;
; Q1        ; input      ; 3.561 ; 3.618 ; Rise       ; input           ;
; Q2        ; input      ; 3.468 ; 3.512 ; Rise       ; input           ;
; Q3        ; input      ; 3.582 ; 3.636 ; Rise       ; input           ;
; up        ; input      ; 3.814 ; 3.903 ; Rise       ; input           ;
+-----------+------------+-------+-------+------------+-----------------+


---------------------------------------------
; Fast 1200mV 0C Model Metastability Report ;
---------------------------------------------
No synchronizer chains to report.


+------------------------------------------------------------------------------+
; Multicorner Timing Analysis Summary                                          ;
+------------------+--------+-------+----------+---------+---------------------+
; Clock            ; Setup  ; Hold  ; Recovery ; Removal ; Minimum Pulse Width ;
+------------------+--------+-------+----------+---------+---------------------+
; Worst-case Slack ; -0.272 ; 0.161 ; N/A      ; N/A     ; -3.000              ;
;  input           ; -0.272 ; 0.161 ; N/A      ; N/A     ; -3.000              ;
; Design-wide TNS  ; -0.761 ; 0.0   ; 0.0      ; 0.0     ; -10.848             ;
;  input           ; -0.761 ; 0.000 ; N/A      ; N/A     ; -10.848             ;
+------------------+--------+-------+----------+---------+---------------------+


+-----------------------------------------------------------------------+
; Clock to Output Times                                                 ;
+-----------+------------+-------+-------+------------+-----------------+
; Data Port ; Clock Port ; Rise  ; Fall  ; Clock Edge ; Clock Reference ;
+-----------+------------+-------+-------+------------+-----------------+
; Q0        ; input      ; 7.209 ; 7.173 ; Rise       ; input           ;
; Q1        ; input      ; 6.902 ; 6.889 ; Rise       ; input           ;
; Q2        ; input      ; 6.734 ; 6.719 ; Rise       ; input           ;
; Q3        ; input      ; 6.936 ; 6.915 ; Rise       ; input           ;
; up        ; input      ; 7.727 ; 7.627 ; Rise       ; input           ;
+-----------+------------+-------+-------+------------+-----------------+


+-----------------------------------------------------------------------+
; Minimum Clock to Output Times                                         ;
+-----------+------------+-------+-------+------------+-----------------+
; Data Port ; Clock Port ; Rise  ; Fall  ; Clock Edge ; Clock Reference ;
+-----------+------------+-------+-------+------------+-----------------+
; Q0        ; input      ; 3.736 ; 3.799 ; Rise       ; input           ;
; Q1        ; input      ; 3.561 ; 3.618 ; Rise       ; input           ;
; Q2        ; input      ; 3.468 ; 3.512 ; Rise       ; input           ;
; Q3        ; input      ; 3.582 ; 3.636 ; Rise       ; input           ;
; up        ; input      ; 3.814 ; 3.903 ; Rise       ; input           ;
+-----------+------------+-------+-------+------------+-----------------+


+------------------------------------------------------------------------------------------------------------------------------------------------------------------------------------------------------------------------------------------------------------------------------------------------------------------------------------------------------------------+
; Board Trace Model Assignments                                                                                                                                                                                                                                                                                                                                    ;
+---------------+--------------+-------------------+-------------------------+-------------------------+---------------+---------------------+----------------+------------------+--------+------------------+------------------------+------------------------+--------------+---------------+-----------------+-------+---------------------+--------------------+
; Pin           ; I/O Standard ; Near Tline Length ; Near Tline L per Length ; Near Tline C per Length ; Near Series R ; Near Differential R ; Near Pull-up R ; Near Pull-down R ; Near C ; Far Tline Length ; Far Tline L per Length ; Far Tline C per Length ; Far Series R ; Far Pull-up R ; Far Pull-down R ; Far C ; Termination Voltage ; Far Differential R ;
+---------------+--------------+-------------------+-------------------------+-------------------------+---------------+---------------------+----------------+------------------+--------+------------------+------------------------+------------------------+--------------+---------------+-----------------+-------+---------------------+--------------------+
; Q3            ; 2.5 V        ; 0 in              ; 0 H/in                  ; 0 F/in                  ; short         ; -                   ; open           ; open             ; open   ; 0 in             ; 0 H/in                 ; 0 F/in                 ; short        ; open          ; open            ; open  ; 0 V                 ; -                  ;
; Q2            ; 2.5 V        ; 0 in              ; 0 H/in                  ; 0 F/in                  ; short         ; -                   ; open           ; open             ; open   ; 0 in             ; 0 H/in                 ; 0 F/in                 ; short        ; open          ; open            ; open  ; 0 V                 ; -                  ;
; Q1            ; 2.5 V        ; 0 in              ; 0 H/in                  ; 0 F/in                  ; short         ; -                   ; open           ; open             ; open   ; 0 in             ; 0 H/in                 ; 0 F/in                 ; short        ; open          ; open            ; open  ; 0 V                 ; -                  ;
; Q0            ; 2.5 V        ; 0 in              ; 0 H/in                  ; 0 F/in                  ; short         ; -                   ; open           ; open             ; open   ; 0 in             ; 0 H/in                 ; 0 F/in                 ; short        ; open          ; open            ; open  ; 0 V                 ; -                  ;
; up            ; 2.5 V        ; 0 in              ; 0 H/in                  ; 0 F/in                  ; short         ; -                   ; open           ; open             ; open   ; 0 in             ; 0 H/in                 ; 0 F/in                 ; short        ; open          ; open            ; open  ; 0 V                 ; -                  ;
; ~ALTERA_DCLK~ ; 2.5 V        ; 0 in              ; 0 H/in                  ; 0 F/in                  ; short         ; -                   ; open           ; open             ; open   ; 0 in             ; 0 H/in                 ; 0 F/in                 ; short        ; open          ; open            ; open  ; 0 V                 ; -                  ;
; ~ALTERA_nCEO~ ; 2.5 V        ; 0 in              ; 0 H/in                  ; 0 F/in                  ; short         ; -                   ; open           ; open             ; open   ; 0 in             ; 0 H/in                 ; 0 F/in                 ; short        ; open          ; open            ; open  ; 0 V                 ; -                  ;
+---------------+--------------+-------------------+-------------------------+-------------------------+---------------+---------------------+----------------+------------------+--------+------------------+------------------------+------------------------+--------------+---------------+-----------------+-------+---------------------+--------------------+


+----------------------------------------------------------------------------+
; Input Transition Times                                                     ;
+-------------------------+--------------+-----------------+-----------------+
; Pin                     ; I/O Standard ; 10-90 Rise Time ; 90-10 Fall Time ;
+-------------------------+--------------+-----------------+-----------------+
; input                   ; 2.5 V        ; 2000 ps         ; 2000 ps         ;
; ~ALTERA_ASDO_DATA1~     ; 2.5 V        ; 2000 ps         ; 2000 ps         ;
; ~ALTERA_FLASH_nCE_nCSO~ ; 2.5 V        ; 2000 ps         ; 2000 ps         ;
; ~ALTERA_DATA0~          ; 2.5 V        ; 2000 ps         ; 2000 ps         ;
+-------------------------+--------------+-----------------+-----------------+


+--------------------------------------------------------------------------------------------------------------------------------------------------------------------------------------------------------------------------------------------------------------------------------------------------------------------------------------------------------------------------------------------------------------------------------------------------------------------------------------------------------------------------------------------------------------------------------------------------------------------------------------------------------------------------------------------+
; Signal Integrity Metrics (Slow 1200mv 0c Model)                                                                                                                                                                                                                                                                                                                                                                                                                                                                                                                                                                                                                                            ;
+---------------+--------------+---------------------+---------------------+------------------------------+------------------------------+---------------------+---------------------+--------------------------------------+--------------------------------------+-----------------------------+-----------------------------+----------------------------+----------------------------+-----------------------------+-----------------------------+--------------------+--------------------+-------------------------------------+-------------------------------------+----------------------------+----------------------------+---------------------------+---------------------------+
; Pin           ; I/O Standard ; Board Delay on Rise ; Board Delay on Fall ; Steady State Voh at FPGA Pin ; Steady State Vol at FPGA Pin ; Voh Max at FPGA Pin ; Vol Min at FPGA Pin ; Ringback Voltage on Rise at FPGA Pin ; Ringback Voltage on Fall at FPGA Pin ; 10-90 Rise Time at FPGA Pin ; 90-10 Fall Time at FPGA Pin ; Monotonic Rise at FPGA Pin ; Monotonic Fall at FPGA Pin ; Steady State Voh at Far-end ; Steady State Vol at Far-end ; Voh Max at Far-end ; Vol Min at Far-end ; Ringback Voltage on Rise at Far-end ; Ringback Voltage on Fall at Far-end ; 10-90 Rise Time at Far-end ; 90-10 Fall Time at Far-end ; Monotonic Rise at Far-end ; Monotonic Fall at Far-end ;
+---------------+--------------+---------------------+---------------------+------------------------------+------------------------------+---------------------+---------------------+--------------------------------------+--------------------------------------+-----------------------------+-----------------------------+----------------------------+----------------------------+-----------------------------+-----------------------------+--------------------+--------------------+-------------------------------------+-------------------------------------+----------------------------+----------------------------+---------------------------+---------------------------+
; Q3            ; 2.5 V        ; 0 s                 ; 0 s                 ; 2.32 V                       ; 4.49e-09 V                   ; 2.38 V              ; -0.00552 V          ; 0.096 V                              ; 0.019 V                              ; 4.18e-10 s                  ; 3.59e-10 s                  ; No                         ; Yes                        ; 2.32 V                      ; 4.49e-09 V                  ; 2.38 V             ; -0.00552 V         ; 0.096 V                             ; 0.019 V                             ; 4.18e-10 s                 ; 3.59e-10 s                 ; No                        ; Yes                       ;
; Q2            ; 2.5 V        ; 0 s                 ; 0 s                 ; 2.32 V                       ; 3.07e-09 V                   ; 2.38 V              ; -0.0144 V           ; 0.227 V                              ; 0.024 V                              ; 3.14e-10 s                  ; 3.39e-10 s                  ; Yes                        ; Yes                        ; 2.32 V                      ; 3.07e-09 V                  ; 2.38 V             ; -0.0144 V          ; 0.227 V                             ; 0.024 V                             ; 3.14e-10 s                 ; 3.39e-10 s                 ; Yes                       ; Yes                       ;
; Q1            ; 2.5 V        ; 0 s                 ; 0 s                 ; 2.32 V                       ; 4.49e-09 V                   ; 2.38 V              ; -0.00552 V          ; 0.096 V                              ; 0.019 V                              ; 4.18e-10 s                  ; 3.59e-10 s                  ; No                         ; Yes                        ; 2.32 V                      ; 4.49e-09 V                  ; 2.38 V             ; -0.00552 V         ; 0.096 V                             ; 0.019 V                             ; 4.18e-10 s                 ; 3.59e-10 s                 ; No                        ; Yes                       ;
; Q0            ; 2.5 V        ; 0 s                 ; 0 s                 ; 2.32 V                       ; 4.49e-09 V                   ; 2.38 V              ; -0.00552 V          ; 0.096 V                              ; 0.019 V                              ; 4.18e-10 s                  ; 3.59e-10 s                  ; No                         ; Yes                        ; 2.32 V                      ; 4.49e-09 V                  ; 2.38 V             ; -0.00552 V         ; 0.096 V                             ; 0.019 V                             ; 4.18e-10 s                 ; 3.59e-10 s                 ; No                        ; Yes                       ;
; up            ; 2.5 V        ; 0 s                 ; 0 s                 ; 2.32 V                       ; 3.07e-09 V                   ; 2.37 V              ; -0.00994 V          ; 0.186 V                              ; 0.028 V                              ; 4.98e-10 s                  ; 4.96e-10 s                  ; Yes                        ; Yes                        ; 2.32 V                      ; 3.07e-09 V                  ; 2.37 V             ; -0.00994 V         ; 0.186 V                             ; 0.028 V                             ; 4.98e-10 s                 ; 4.96e-10 s                 ; Yes                       ; Yes                       ;
; ~ALTERA_DCLK~ ; 2.5 V        ; 0 s                 ; 0 s                 ; 2.32 V                       ; 2.67e-09 V                   ; 2.38 V              ; -0.0485 V           ; 0.167 V                              ; 0.096 V                              ; 2.95e-10 s                  ; 2.73e-10 s                  ; Yes                        ; Yes                        ; 2.32 V                      ; 2.67e-09 V                  ; 2.38 V             ; -0.0485 V          ; 0.167 V                             ; 0.096 V                             ; 2.95e-10 s                 ; 2.73e-10 s                 ; Yes                       ; Yes                       ;
; ~ALTERA_nCEO~ ; 2.5 V        ; 0 s                 ; 0 s                 ; 2.32 V                       ; 4.18e-09 V                   ; 2.38 V              ; -0.00483 V          ; 0.152 V                              ; 0.012 V                              ; 4.81e-10 s                  ; 6.29e-10 s                  ; Yes                        ; Yes                        ; 2.32 V                      ; 4.18e-09 V                  ; 2.38 V             ; -0.00483 V         ; 0.152 V                             ; 0.012 V                             ; 4.81e-10 s                 ; 6.29e-10 s                 ; Yes                       ; Yes                       ;
+---------------+--------------+---------------------+---------------------+------------------------------+------------------------------+---------------------+---------------------+--------------------------------------+--------------------------------------+-----------------------------+-----------------------------+----------------------------+----------------------------+-----------------------------+-----------------------------+--------------------+--------------------+-------------------------------------+-------------------------------------+----------------------------+----------------------------+---------------------------+---------------------------+


+--------------------------------------------------------------------------------------------------------------------------------------------------------------------------------------------------------------------------------------------------------------------------------------------------------------------------------------------------------------------------------------------------------------------------------------------------------------------------------------------------------------------------------------------------------------------------------------------------------------------------------------------------------------------------------------------+
; Signal Integrity Metrics (Slow 1200mv 85c Model)                                                                                                                                                                                                                                                                                                                                                                                                                                                                                                                                                                                                                                           ;
+---------------+--------------+---------------------+---------------------+------------------------------+------------------------------+---------------------+---------------------+--------------------------------------+--------------------------------------+-----------------------------+-----------------------------+----------------------------+----------------------------+-----------------------------+-----------------------------+--------------------+--------------------+-------------------------------------+-------------------------------------+----------------------------+----------------------------+---------------------------+---------------------------+
; Pin           ; I/O Standard ; Board Delay on Rise ; Board Delay on Fall ; Steady State Voh at FPGA Pin ; Steady State Vol at FPGA Pin ; Voh Max at FPGA Pin ; Vol Min at FPGA Pin ; Ringback Voltage on Rise at FPGA Pin ; Ringback Voltage on Fall at FPGA Pin ; 10-90 Rise Time at FPGA Pin ; 90-10 Fall Time at FPGA Pin ; Monotonic Rise at FPGA Pin ; Monotonic Fall at FPGA Pin ; Steady State Voh at Far-end ; Steady State Vol at Far-end ; Voh Max at Far-end ; Vol Min at Far-end ; Ringback Voltage on Rise at Far-end ; Ringback Voltage on Fall at Far-end ; 10-90 Rise Time at Far-end ; 90-10 Fall Time at Far-end ; Monotonic Rise at Far-end ; Monotonic Fall at Far-end ;
+---------------+--------------+---------------------+---------------------+------------------------------+------------------------------+---------------------+---------------------+--------------------------------------+--------------------------------------+-----------------------------+-----------------------------+----------------------------+----------------------------+-----------------------------+-----------------------------+--------------------+--------------------+-------------------------------------+-------------------------------------+----------------------------+----------------------------+---------------------------+---------------------------+
; Q3            ; 2.5 V        ; 0 s                 ; 0 s                 ; 2.32 V                       ; 6.92e-07 V                   ; 2.35 V              ; -0.00996 V          ; 0.121 V                              ; 0.03 V                               ; 4.64e-10 s                  ; 4.47e-10 s                  ; Yes                        ; Yes                        ; 2.32 V                      ; 6.92e-07 V                  ; 2.35 V             ; -0.00996 V         ; 0.121 V                             ; 0.03 V                              ; 4.64e-10 s                 ; 4.47e-10 s                 ; Yes                       ; Yes                       ;
; Q2            ; 2.5 V        ; 0 s                 ; 0 s                 ; 2.32 V                       ; 4.67e-07 V                   ; 2.36 V              ; -0.00552 V          ; 0.11 V                               ; 0.007 V                              ; 4.54e-10 s                  ; 4.35e-10 s                  ; Yes                        ; Yes                        ; 2.32 V                      ; 4.67e-07 V                  ; 2.36 V             ; -0.00552 V         ; 0.11 V                              ; 0.007 V                             ; 4.54e-10 s                 ; 4.35e-10 s                 ; Yes                       ; Yes                       ;
; Q1            ; 2.5 V        ; 0 s                 ; 0 s                 ; 2.32 V                       ; 6.92e-07 V                   ; 2.35 V              ; -0.00996 V          ; 0.121 V                              ; 0.03 V                               ; 4.64e-10 s                  ; 4.47e-10 s                  ; Yes                        ; Yes                        ; 2.32 V                      ; 6.92e-07 V                  ; 2.35 V             ; -0.00996 V         ; 0.121 V                             ; 0.03 V                              ; 4.64e-10 s                 ; 4.47e-10 s                 ; Yes                       ; Yes                       ;
; Q0            ; 2.5 V        ; 0 s                 ; 0 s                 ; 2.32 V                       ; 6.92e-07 V                   ; 2.35 V              ; -0.00996 V          ; 0.121 V                              ; 0.03 V                               ; 4.64e-10 s                  ; 4.47e-10 s                  ; Yes                        ; Yes                        ; 2.32 V                      ; 6.92e-07 V                  ; 2.35 V             ; -0.00996 V         ; 0.121 V                             ; 0.03 V                              ; 4.64e-10 s                 ; 4.47e-10 s                 ; Yes                       ; Yes                       ;
; up            ; 2.5 V        ; 0 s                 ; 0 s                 ; 2.32 V                       ; 4.67e-07 V                   ; 2.35 V              ; -0.00942 V          ; 0.116 V                              ; 0.033 V                              ; 6.66e-10 s                  ; 6.27e-10 s                  ; Yes                        ; Yes                        ; 2.32 V                      ; 4.67e-07 V                  ; 2.35 V             ; -0.00942 V         ; 0.116 V                             ; 0.033 V                             ; 6.66e-10 s                 ; 6.27e-10 s                 ; Yes                       ; Yes                       ;
; ~ALTERA_DCLK~ ; 2.5 V        ; 0 s                 ; 0 s                 ; 2.32 V                       ; 3.75e-07 V                   ; 2.35 V              ; -0.0109 V           ; 0.084 V                              ; 0.027 V                              ; 4.31e-10 s                  ; 3.61e-10 s                  ; Yes                        ; Yes                        ; 2.32 V                      ; 3.75e-07 V                  ; 2.35 V             ; -0.0109 V          ; 0.084 V                             ; 0.027 V                             ; 4.31e-10 s                 ; 3.61e-10 s                 ; Yes                       ; Yes                       ;
; ~ALTERA_nCEO~ ; 2.5 V        ; 0 s                 ; 0 s                 ; 2.32 V                       ; 6.15e-07 V                   ; 2.35 V              ; -0.00712 V          ; 0.093 V                              ; 0.02 V                               ; 6.21e-10 s                  ; 7.9e-10 s                   ; Yes                        ; Yes                        ; 2.32 V                      ; 6.15e-07 V                  ; 2.35 V             ; -0.00712 V         ; 0.093 V                             ; 0.02 V                              ; 6.21e-10 s                 ; 7.9e-10 s                  ; Yes                       ; Yes                       ;
+---------------+--------------+---------------------+---------------------+------------------------------+------------------------------+---------------------+---------------------+--------------------------------------+--------------------------------------+-----------------------------+-----------------------------+----------------------------+----------------------------+-----------------------------+-----------------------------+--------------------+--------------------+-------------------------------------+-------------------------------------+----------------------------+----------------------------+---------------------------+---------------------------+


+--------------------------------------------------------------------------------------------------------------------------------------------------------------------------------------------------------------------------------------------------------------------------------------------------------------------------------------------------------------------------------------------------------------------------------------------------------------------------------------------------------------------------------------------------------------------------------------------------------------------------------------------------------------------------------------------+
; Signal Integrity Metrics (Fast 1200mv 0c Model)                                                                                                                                                                                                                                                                                                                                                                                                                                                                                                                                                                                                                                            ;
+---------------+--------------+---------------------+---------------------+------------------------------+------------------------------+---------------------+---------------------+--------------------------------------+--------------------------------------+-----------------------------+-----------------------------+----------------------------+----------------------------+-----------------------------+-----------------------------+--------------------+--------------------+-------------------------------------+-------------------------------------+----------------------------+----------------------------+---------------------------+---------------------------+
; Pin           ; I/O Standard ; Board Delay on Rise ; Board Delay on Fall ; Steady State Voh at FPGA Pin ; Steady State Vol at FPGA Pin ; Voh Max at FPGA Pin ; Vol Min at FPGA Pin ; Ringback Voltage on Rise at FPGA Pin ; Ringback Voltage on Fall at FPGA Pin ; 10-90 Rise Time at FPGA Pin ; 90-10 Fall Time at FPGA Pin ; Monotonic Rise at FPGA Pin ; Monotonic Fall at FPGA Pin ; Steady State Voh at Far-end ; Steady State Vol at Far-end ; Voh Max at Far-end ; Vol Min at Far-end ; Ringback Voltage on Rise at Far-end ; Ringback Voltage on Fall at Far-end ; 10-90 Rise Time at Far-end ; 90-10 Fall Time at Far-end ; Monotonic Rise at Far-end ; Monotonic Fall at Far-end ;
+---------------+--------------+---------------------+---------------------+------------------------------+------------------------------+---------------------+---------------------+--------------------------------------+--------------------------------------+-----------------------------+-----------------------------+----------------------------+----------------------------+-----------------------------+-----------------------------+--------------------+--------------------+-------------------------------------+-------------------------------------+----------------------------+----------------------------+---------------------------+---------------------------+
; Q3            ; 2.5 V        ; 0 s                 ; 0 s                 ; 2.62 V                       ; 4.05e-08 V                   ; 2.72 V              ; -0.0349 V           ; 0.173 V                              ; 0.1 V                                ; 2.72e-10 s                  ; 2.69e-10 s                  ; Yes                        ; Yes                        ; 2.62 V                      ; 4.05e-08 V                  ; 2.72 V             ; -0.0349 V          ; 0.173 V                             ; 0.1 V                               ; 2.72e-10 s                 ; 2.69e-10 s                 ; Yes                       ; Yes                       ;
; Q2            ; 2.5 V        ; 0 s                 ; 0 s                 ; 2.62 V                       ; 2.74e-08 V                   ; 2.73 V              ; -0.0384 V           ; 0.169 V                              ; 0.089 V                              ; 2.7e-10 s                   ; 2.62e-10 s                  ; Yes                        ; Yes                        ; 2.62 V                      ; 2.74e-08 V                  ; 2.73 V             ; -0.0384 V          ; 0.169 V                             ; 0.089 V                             ; 2.7e-10 s                  ; 2.62e-10 s                 ; Yes                       ; Yes                       ;
; Q1            ; 2.5 V        ; 0 s                 ; 0 s                 ; 2.62 V                       ; 4.05e-08 V                   ; 2.72 V              ; -0.0349 V           ; 0.173 V                              ; 0.1 V                                ; 2.72e-10 s                  ; 2.69e-10 s                  ; Yes                        ; Yes                        ; 2.62 V                      ; 4.05e-08 V                  ; 2.72 V             ; -0.0349 V          ; 0.173 V                             ; 0.1 V                               ; 2.72e-10 s                 ; 2.69e-10 s                 ; Yes                       ; Yes                       ;
; Q0            ; 2.5 V        ; 0 s                 ; 0 s                 ; 2.62 V                       ; 4.05e-08 V                   ; 2.72 V              ; -0.0349 V           ; 0.173 V                              ; 0.1 V                                ; 2.72e-10 s                  ; 2.69e-10 s                  ; Yes                        ; Yes                        ; 2.62 V                      ; 4.05e-08 V                  ; 2.72 V             ; -0.0349 V          ; 0.173 V                             ; 0.1 V                               ; 2.72e-10 s                 ; 2.69e-10 s                 ; Yes                       ; Yes                       ;
; up            ; 2.5 V        ; 0 s                 ; 0 s                 ; 2.62 V                       ; 2.74e-08 V                   ; 2.71 V              ; -0.0317 V           ; 0.148 V                              ; 0.064 V                              ; 4.51e-10 s                  ; 4.15e-10 s                  ; No                         ; Yes                        ; 2.62 V                      ; 2.74e-08 V                  ; 2.71 V             ; -0.0317 V          ; 0.148 V                             ; 0.064 V                             ; 4.51e-10 s                 ; 4.15e-10 s                 ; No                        ; Yes                       ;
; ~ALTERA_DCLK~ ; 2.5 V        ; 0 s                 ; 0 s                 ; 2.62 V                       ; 2.22e-08 V                   ; 2.74 V              ; -0.06 V             ; 0.158 V                              ; 0.08 V                               ; 2.68e-10 s                  ; 2.19e-10 s                  ; Yes                        ; Yes                        ; 2.62 V                      ; 2.22e-08 V                  ; 2.74 V             ; -0.06 V            ; 0.158 V                             ; 0.08 V                              ; 2.68e-10 s                 ; 2.19e-10 s                 ; Yes                       ; Yes                       ;
; ~ALTERA_nCEO~ ; 2.5 V        ; 0 s                 ; 0 s                 ; 2.62 V                       ; 3.54e-08 V                   ; 2.7 V               ; -0.00943 V          ; 0.276 V                              ; 0.035 V                              ; 3.19e-10 s                  ; 4.99e-10 s                  ; No                         ; Yes                        ; 2.62 V                      ; 3.54e-08 V                  ; 2.7 V              ; -0.00943 V         ; 0.276 V                             ; 0.035 V                             ; 3.19e-10 s                 ; 4.99e-10 s                 ; No                        ; Yes                       ;
+---------------+--------------+---------------------+---------------------+------------------------------+------------------------------+---------------------+---------------------+--------------------------------------+--------------------------------------+-----------------------------+-----------------------------+----------------------------+----------------------------+-----------------------------+-----------------------------+--------------------+--------------------+-------------------------------------+-------------------------------------+----------------------------+----------------------------+---------------------------+---------------------------+


+-------------------------------------------------------------------+
; Setup Transfers                                                   ;
+------------+----------+----------+----------+----------+----------+
; From Clock ; To Clock ; RR Paths ; FR Paths ; RF Paths ; FF Paths ;
+------------+----------+----------+----------+----------+----------+
; input      ; input    ; 13       ; 0        ; 0        ; 0        ;
+------------+----------+----------+----------+----------+----------+
Entries labeled "false path" only account for clock-to-clock false paths and not path-based false paths. As a result, actual path counts may be lower than reported.


+-------------------------------------------------------------------+
; Hold Transfers                                                    ;
+------------+----------+----------+----------+----------+----------+
; From Clock ; To Clock ; RR Paths ; FR Paths ; RF Paths ; FF Paths ;
+------------+----------+----------+----------+----------+----------+
; input      ; input    ; 13       ; 0        ; 0        ; 0        ;
+------------+----------+----------+----------+----------+----------+
Entries labeled "false path" only account for clock-to-clock false paths and not path-based false paths. As a result, actual path counts may be lower than reported.


---------------
; Report TCCS ;
---------------
No dedicated SERDES Transmitter circuitry present in device or used in design


---------------
; Report RSKM ;
---------------
No dedicated SERDES Receiver circuitry present in device or used in design


+------------------------------------------------+
; Unconstrained Paths                            ;
+---------------------------------+-------+------+
; Property                        ; Setup ; Hold ;
+---------------------------------+-------+------+
; Illegal Clocks                  ; 0     ; 0    ;
; Unconstrained Clocks            ; 0     ; 0    ;
; Registers Without Clock Pin     ; 0     ; 0    ;
; Unconstrained Input Ports       ; 0     ; 0    ;
; Unconstrained Input Port Paths  ; 0     ; 0    ;
; Unconstrained Output Ports      ; 5     ; 5    ;
; Unconstrained Output Port Paths ; 8     ; 8    ;
; Unconstrained Reg-to-Reg Paths  ; 0     ; 0    ;
+---------------------------------+-------+------+


+------------------------------------+
; TimeQuest Timing Analyzer Messages ;
+------------------------------------+
Info: *******************************************************************
Info: Running Quartus II TimeQuest Timing Analyzer
    Info: Version 10.0 Build 218 06/27/2010 SJ Web Edition
    Info: Processing started: Fri Nov 15 14:46:03 2019
Info: Command: quartus_sta bcd -c bcd
Info: qsta_default_script.tcl version: #1
Info: Core supply voltage is 1.2V
Info: Low junction temperature is 0 degrees C
Info: High junction temperature is 85 degrees C
Critical Warning: Synopsys Design Constraints File file not found: 'bcd.sdc'. A Synopsys Design Constraints File is required by the TimeQuest Timing Analyzer to get proper timing constraints. Without it, the Compiler will not properly optimize the design.
Info: No user constrained base clocks found in the design. Calling "derive_clocks -period 1.0"
Info: Deriving Clocks
    Info: create_clock -period 1.000 -name input input
Info: No user constrained clock uncertainty found in the design. Calling "derive_clock_uncertainty"
Info: Deriving Clock Uncertainty
    Info: set_clock_uncertainty -rise_from [get_clocks {input}] -rise_to [get_clocks {input}] -setup 0.020
    Info: set_clock_uncertainty -rise_from [get_clocks {input}] -fall_to [get_clocks {input}] -setup 0.020
    Info: set_clock_uncertainty -fall_from [get_clocks {input}] -rise_to [get_clocks {input}] -setup 0.020
    Info: set_clock_uncertainty -fall_from [get_clocks {input}] -fall_to [get_clocks {input}] -setup 0.020
    Info: set_clock_uncertainty -rise_from [get_clocks {input}] -rise_to [get_clocks {input}] -hold 0.020
    Info: set_clock_uncertainty -rise_from [get_clocks {input}] -fall_to [get_clocks {input}] -hold 0.020
    Info: set_clock_uncertainty -fall_from [get_clocks {input}] -rise_to [get_clocks {input}] -hold 0.020
    Info: set_clock_uncertainty -fall_from [get_clocks {input}] -fall_to [get_clocks {input}] -hold 0.020
Info: Analyzing Slow 1200mV 85C Model
Critical Warning: Timing requirements not met
Info: Worst-case setup slack is -0.272
    Info:     Slack End Point TNS Clock 
    Info: ========= ============= =====================
    Info:    -0.272        -0.761 input 
Info: Worst-case hold slack is 0.383
    Info:     Slack End Point TNS Clock 
    Info: ========= ============= =====================
    Info:     0.383         0.000 input 
Info: No Recovery paths to report
Info: No Removal paths to report
Info: Worst-case minimum pulse width slack is -3.000
    Info:     Slack End Point TNS Clock 
    Info: ========= ============= =====================
    Info:    -3.000        -8.140 input 
Info: Analyzing Slow 1200mV 0C Model
Info: Started post-fitting delay annotation
Info: Delay annotation completed successfully
Info: Deriving Clock Uncertainty
    Info: set_clock_uncertainty -rise_from [get_clocks {input}] -rise_to [get_clocks {input}] -setup 0.020
    Info: set_clock_uncertainty -rise_from [get_clocks {input}] -fall_to [get_clocks {input}] -setup 0.020
    Info: set_clock_uncertainty -fall_from [get_clocks {input}] -rise_to [get_clocks {input}] -setup 0.020
    Info: set_clock_uncertainty -fall_from [get_clocks {input}] -fall_to [get_clocks {input}] -setup 0.020
    Info: set_clock_uncertainty -rise_from [get_clocks {input}] -rise_to [get_clocks {input}] -hold 0.020
    Info: set_clock_uncertainty -rise_from [get_clocks {input}] -fall_to [get_clocks {input}] -hold 0.020
    Info: set_clock_uncertainty -fall_from [get_clocks {input}] -rise_to [get_clocks {input}] -hold 0.020
    Info: set_clock_uncertainty -fall_from [get_clocks {input}] -fall_to [get_clocks {input}] -hold 0.020
Critical Warning: Timing requirements not met
Info: Worst-case setup slack is -0.145
    Info:     Slack End Point TNS Clock 
    Info: ========= ============= =====================
    Info:    -0.145        -0.384 input 
Info: Worst-case hold slack is 0.334
    Info:     Slack End Point TNS Clock 
    Info: ========= ============= =====================
    Info:     0.334         0.000 input 
Info: No Recovery paths to report
Info: No Removal paths to report
Info: Worst-case minimum pulse width slack is -3.000
    Info:     Slack End Point TNS Clock 
    Info: ========= ============= =====================
    Info:    -3.000        -8.140 input 
Info: Analyzing Fast 1200mV 0C Model
Info: Started post-fitting delay annotation
Info: Delay annotation completed successfully
Info: Deriving Clock Uncertainty
    Info: set_clock_uncertainty -rise_from [get_clocks {input}] -rise_to [get_clocks {input}] -setup 0.020
    Info: set_clock_uncertainty -rise_from [get_clocks {input}] -fall_to [get_clocks {input}] -setup 0.020
    Info: set_clock_uncertainty -fall_from [get_clocks {input}] -rise_to [get_clocks {input}] -setup 0.020
    Info: set_clock_uncertainty -fall_from [get_clocks {input}] -fall_to [get_clocks {input}] -setup 0.020
    Info: set_clock_uncertainty -rise_from [get_clocks {input}] -rise_to [get_clocks {input}] -hold 0.020
    Info: set_clock_uncertainty -rise_from [get_clocks {input}] -fall_to [get_clocks {input}] -hold 0.020
    Info: set_clock_uncertainty -fall_from [get_clocks {input}] -rise_to [get_clocks {input}] -hold 0.020
    Info: set_clock_uncertainty -fall_from [get_clocks {input}] -fall_to [get_clocks {input}] -hold 0.020
Info: Worst-case setup slack is 0.376
    Info:     Slack End Point TNS Clock 
    Info: ========= ============= =====================
    Info:     0.376         0.000 input 
Info: Worst-case hold slack is 0.161
    Info:     Slack End Point TNS Clock 
    Info: ========= ============= =====================
    Info:     0.161         0.000 input 
Info: No Recovery paths to report
Info: No Removal paths to report
Critical Warning: Timing requirements not met
Info: Worst-case minimum pulse width slack is -3.000
    Info:     Slack End Point TNS Clock 
    Info: ========= ============= =====================
    Info:    -3.000       -10.848 input 
Info: Design is not fully constrained for setup requirements
Info: Design is not fully constrained for hold requirements
Info: Quartus II TimeQuest Timing Analyzer was successful. 0 errors, 4 warnings
    Info: Peak virtual memory: 332 megabytes
    Info: Processing ended: Fri Nov 15 14:46:05 2019
    Info: Elapsed time: 00:00:02
    Info: Total CPU time (on all processors): 00:00:02


